INFO:     Started server process [6635]
INFO:     Waiting for application startup.
INFO:     

                   ███╗
  █████████████████╔══█████████████████╗       OpenBB Platform v4.4.5
  ███╔══════════███║  ███╔══════════███║
  █████████████████║  █████████████████║       Authentication: DISABLED
  ╚═════════════███║  ███╔═════════════╝
     ██████████████║  ██████████████╗
     ███╔═══════███║  ███╔═══════███║
     ██████████████║  ██████████████║
     ╚═════════════╝  ╚═════════════╝
Investment research for everyone, anywhere.

    https://my.openbb.co/app/platform


INFO:     Application startup complete.
INFO:     Uvicorn running on http://0.0.0.0:8000 (Press CTRL+C to quit)
INFO:     Shutting down
INFO:     Waiting for application shutdown.
INFO:     Application shutdown complete.
INFO:     Finished server process [6635]
